
Scanning: Hamill5e9781975144654-ch003_KK.docx
Found 14 items.
[3] Figure 3-1 -> Credit: Reprinted with permission from Willis, M. C. [1986]. Medical Terminology: The Language of Health Care. Baltimore, MD: Lippincott Williams & Wilkins.)
[3] Figure 3-7 -> Credit: Adapted with permission from Pittman, M. I., Peterson, L. [1989]. Biomechanics of skeletal muscle. In M. Nordin, V. H. Frankel (Eds.). Basic Biomechanics of the Musculoskeletal System, 2nd ed. Philadelphia, PA: Lea & Febiger, 89-111.)
[3] Figure 3-9 -> Credit: with permission of Princeton University Press from McMahon, T. A. [1984]. Muscles, Reflexes, and Locomotion. Princeton, NJ: Princeton University Press.Permission conveyed through Copyright Clearance Center, Inc.)
[3] Figure 3-14 -> Credit: Adapted with permission from Winters, J. M. [2000]. Terminology and foundations of movement science. In J. M. Winters, P. E. Crago (Eds.). Biomechanics and Neural Control of Posture and Movement. New York: Springer-Verlag, 3-35.)
[3] Figure 3-19 -> Credit: Adapted with permission from Kulig, K., et al. [1984]. Human strength curves. In R. L. Terjund (Ed.). Exercise and Sport Sciences Reviews, 12:417-466.)
[3] Figure 3-22 -> Credit: Adapted with permission from Asmussen, E. [1952]. Positive and negative muscular work. Acta Physiologica Scandinavica, 28:364-382.)
[3] Figure 3-23 -> Credit: Adapted with permission from Komi, P. V. [1986]. The stretch–shortening cycle and human power output. In N. L. Jones, et al. (Eds.). Human Muscle Power. Champaign, IL: Human Kinetics, 27-39.)
[3] Figure 3-24 -> Credit: with permission from Enoka, R. M. [1988]. Neuromuscular Basis of Kinesiology. Champaign, IL: Human Kinetics.)
[3] Figure 3-32 -> Credit: Adapted from Sale, D. G. [1988]. Neural adaptation to resistance training. Medicine & Science in Sports & Exercise, 20(5):S135-S145, (Figure 4 on p. S137).)
[3] Figure 3-33 -> Credit: Adapted with permission from MacDougall, J. D. [1992]. Hypertrophy or hyperplasia. In P. Komi (Ed.). Strength and Power in Sport, 2nd ed. Boston, MA: Blackwell Scientific, 252-264.)
[3] Figure 3-41 -> Credit: ©.
[3] Table 3-1 -> Credit: Source: Roundtable on periodization: Part 2. NSCA Journal. 1986;8(6):17-24.
[3] Table 3-2 -> Credit: Source: Lorenz, D. S., et al. (2010). Periodization: Current review and suggested implementation for athletic rehabilitation. Sports Health, 2:509-518.
[3] Table 3-3 -> Credit: Source: Kristensen, J., Franklyn-Miller, A. (2012). Resistance training in musculoskeletal rehabilitation: A systematic review. British Journal of Sports Medicine, 46:719-726.

Scanning: Hamill5e9781975144654-ch004_kk.docx
Found 6 items.
[3] Figure 4-10 -> Credit: Reprinted with permission from (A) Grimby, L. [1986]. Single motor unit discharge during voluntary contraction and locomotion. In N. L. Jones, et al. (Eds.). Human Muscle Power. Champaign, IL: Human Kinetics, 111-130; (B) Sale, D. G. [1987]. Influence of exercise and training on motor unit activation. Exercise and Sport Sciences Reviews, 15:95-151.)
[3] Figure 4-11 -> Credit: Reprinted with permission from Sale, D. G. [1987]. Influence of exercise and training on motor unit activation. Exercise and Sport Sciences Reviews, 15:95-151.)
[3] Figure 4-28 -> Credit: Adapted with permission from Kamen, G., Caldwell, G. E. [1996]. Physiology and interpretation of the electromyogram. Journal of Clinical Neurophysiology, 13:366-384.)
[3] Figure 4-32 -> Credit: Adapted from a drawing by G. Kamen, University of Massachusetts at Amherst.)
[3] Figure 4-33 -> Credit: Adapted from Basmajian, J. V., DeLuca, C. J. [1985]. Muscles Alive! Their Functions Revealed by Electromyography, 2nd ed. Baltimore, MD: Lippincott Williams & Wilkins, 205.)
[3] Figure 4-34 -> Credit: Reprinted with permission from Whittle, M. W. [1996]. Gait Analysis, 2nd ed. Oxford, England: Butterworth-Heinemann, 68.)
